[bison.studio/index.html]
[bison.studio/wp-content/uploads/2021/09/Favicon.jpg]
[backblue.gif]
[fade.gif]
[index.html]
[bison.studio/wp-content/themes/greatlab-3/dist/frontend.minffa4.css]
[bison.studio/wp-json/wp/v2/pages/2.json]
[bison.studio/home/feed/index.html]
[bison.studio/xmlrpc0db0.php]
[bison.studio/wp-json/index.html]
[bison.studio/wp-includes/wlwmanifest.xml]
[bison.studio/wp-json/oembed/1.0/embed5e0a.json]
[bison.studio/wp-json/oembed/1.0/embed57ef]
[bison.studio/wp-content/uploads/2021/11/1.jpg]
[bison.studio/wp-content/uploads/2021/08/2-min.jpg]
[bison.studio/wp-content/uploads/2021/11/Rectangle-32.jpg]
[bison.studio/wp-content/uploads/2021/08/4-min.jpg]
[bison.studio/wp-content/uploads/2021/08/5-min.jpg]
[bison.studio/wp-content/uploads/2021/08/6-min.jpg]
[bison.studio/wp-content/themes/greatlab-3/dist/public/icons/bison-logo.svg]
[bison.studio/wp-content/uploads/2021/09/loop-min-muted.mp4]
[bison.studio/wp-content/uploads/2021/09/full-min.mp4]
[bison.studio/about/index.html]
[bison.studio/services/index.html]
[bison.studio/wp-content/themes/greatlab-3/dist/public/icons/button-play.svg]
[bison.studio/blogs/index.html]
[bison.studio/wp-content/themes/greatlab-3/dist/public/icons/button-pause.svg]
[bison.studio/contact/index.html]
[bison.studio/wp-content/themes/greatlab-3/dist/public/icons/icon-sound.svg]
[bison.studio/wp-content/themes/greatlab-3/dist/public/icons/icon-muted.svg]
[bison.studio/wp-content/themes/greatlab-3/dist/public/icons/icon-arrow-link.svg]
[bison.studio/wp-content/uploads/2021/10/Untitled-2_0002_remax.png]
[bison.studio/wp-content/uploads/2021/11/logo_0002_jv.png]
[bison.studio/wp-content/uploads/2021/10/Untitled-2_0010_elbros.png]
[bison.studio/wp-content/uploads/2021/11/mt-5.png]
[bison.studio/wp-content/uploads/2021/11/logo_0004_carmelo.png]
[bison.studio/wp-content/uploads/2021/10/Untitled-2_0001_tigne.png]
[bison.studio/wp-content/uploads/2021/07/marina-min.png]
[bison.studio/wp-content/uploads/2021/07/kyshen-min.png]
[bison.studio/wp-content/uploads/2021/07/kerber-min.png]
[bison.studio/wp-content/uploads/2021/07/growthbox-min.png]
[bison.studio/wp-content/uploads/2021/07/pioneer-min.png]
[bison.studio/wp-content/uploads/2021/07/teatru-min.png]
[bison.studio/wp-content/uploads/2021/07/azimut-png-min.png]
[bison.studio/wp-content/uploads/2021/10/Untitled-2_0011_co_Phase-2-Apartment-sqm.png]
[bison.studio/wp-content/uploads/2021/10/Untitled-2_0008_logo-1.png]
[bison.studio/wp-content/uploads/2021/10/Untitled-2_0000_vivi.png]
[bison.studio/wp-content/uploads/2021/11/logo_0008_ion.png]
[bison.studio/wp-content/uploads/2021/11/logo_0007_iniala.png]
[bison.studio/wp-content/uploads/2021/11/logo_0006_palaz.png]
[bison.studio/wp-content/uploads/2021/11/logo_0005_mizzi.png]
[bison.studio/wp-content/uploads/2021/11/logo_0003_maltashows.png]
[bison.studio/wp-content/uploads/2021/07/a360-min.png]
[bison.studio/wp-content/uploads/2021/07/ab-finace-min.png]
[bison.studio/wp-content/uploads/2021/07/ambassador-min.png]
[bison.studio/wp-content/uploads/2021/07/asciak-min.png]
[bison.studio/wp-content/uploads/2021/07/district-min.png]
[bison.studio/wp-content/uploads/2021/07/gamelounge-min.png]
[bison.studio/wp-content/uploads/2021/07/goldcrest-min.png]
[bison.studio/wp-content/uploads/2021/11/logo_0014_crique-logo.png]
[bison.studio/wp-content/uploads/2021/10/Untitled-2_0007_logo-floreal-dark@2x.png]
[bison.studio/wp-content/uploads/2021/11/logo_0019_tailwag.png]
[bison.studio/wp-content/uploads/2021/11/logo_0018_teatru.png]
[bison.studio/wp-content/uploads/2021/11/logo_0016_canna.png]
[bison.studio/wp-content/uploads/2021/10/Untitled-2_0005_medium.png]
[bison.studio/wp-content/uploads/2021/11/logo_0015_neatplay.png]
[bison.studio/wp-content/uploads/2021/10/Untitled-2_0004_miyy.png]
[bison.studio/wp-content/uploads/2021/11/logo_0012_Alaria.png]
[bison.studio/wp-content/uploads/2021/11/logo_0011_fortina-invest.png]
[bison.studio/wp-content/uploads/2021/11/logo_0010_StreamAMG-Logo-K.png]
[bison.studio/wp-content/uploads/2021/07/gaba-min.png]
[bison.studio/wp-content/uploads/2021/11/logo_0017_Corinthia.png]
[bison.studio/wp-content/uploads/2021/11/logo_0009_iseemalta.png]
[bison.studio/wp-content/uploads/2021/11/logo_0013_S7-Gradient-FullLogo-copy.png]
[bison.studio/wp-content/uploads/2021/07/accessorize-min.png]
[bison.studio/wp-content/uploads/2021/11/fyorin.png]
[bison.studio/wp-content/uploads/2021/11/bukkun.png]
[bison.studio/wp-content/uploads/2021/10/mercury@2x-50x58.jpg]
[bison.studio/wp-content/uploads/2021/11/Floreal_Thumb-2-50x59.jpg]
[bison.studio/wp-content/uploads/2021/11/Boost-thumb-50x59.jpg]
[bison.studio/wp-content/uploads/2021/10/prosper-africa-thumb@2x-50x59.jpg]
[bison.studio/wp-content/uploads/2021/07/Newwebsite-50x34.jpg]
[bison.studio/wp-content/uploads/2021/07/bison-marketing-50x34.jpg]
[bison.studio/work/mercury-towers-sales-website/index.html]
[bison.studio/wp-content/uploads/2021/07/MT-Blog-Awwards-50x34.jpg]
[bison.studio/work/floreal-ecommerce/index.html]
[bison.studio/work/boost/index.html]
[bison.studio/cdn-cgi/l/email-protection.html]
[bison.studio/work/prosper-africa/index.html]
[bison.studio/blogs/introducing-the-new-bison-studio-website/index.html]
[bison.studio/blogs/expanding-our-services-digital-marketing/index.html]
[bison.studio/blogs/mercury-towers-by-zaha-hadid-wins-international-awards/index.html]
[bison.studio/wp-content/themes/greatlab-3/dist/public/icons/icon-arrow-page.svg]
[bison.studio/wp-content/themes/greatlab-3/dist/public/icons/icon-oval-upsite.svg]
[bison.studio/wp-content/themes/greatlab-3/dist/public/icons/icon-screen-enlarge.svg]
[bison.studio/wp-content/themes/greatlab-3/dist/public/icons/icon-expand-close.svg]
[bison.studio/cdn-cgi/scripts/5c5dd728/cloudflare-static/email-decode.min.js]
[bison.studio/wp-content/themes/greatlab-3/dist/vendors_frontend.bundleffa4.js]
[bison.studio/index.html]
[bison.studio/xmlrpc.php]
[bison.studio/wp-content/themes/greatlab-3/dist/frontend.bundleffa4.js]
[bison.studio/wp-content/themes/greatlab-3/dist/public/fonts/HelveticaNowDisplay-BoldIta.eot]
[bison.studio/wp-content/themes/greatlab-3/dist/public/fonts/HelveticaNowDisplay-BoldItad41d.eot]
[bison.studio/wp-content/themes/greatlab-3/dist/public/fonts/HelveticaNowDisplay-BoldIta.woff2]
[bison.studio/wp-content/themes/greatlab-3/dist/public/fonts/HelveticaNowDisplay-BoldIta.woff]
[bison.studio/wp-content/themes/greatlab-3/dist/public/fonts/HelveticaNowDisplay-BoldIta.ttf]
[bison.studio/wp-content/themes/greatlab-3/dist/public/fonts/HelveticaNowDisplay-RegIta.eot]
[bison.studio/wp-content/themes/greatlab-3/dist/public/fonts/HelveticaNowDisplay-RegItad41d.eot]
[bison.studio/wp-content/themes/greatlab-3/dist/public/fonts/HelveticaNowDisplay-RegIta.woff2]
[bison.studio/wp-content/themes/greatlab-3/dist/public/fonts/HelveticaNowDisplay-RegIta.woff]
[bison.studio/wp-content/themes/greatlab-3/dist/public/fonts/HelveticaNowDisplay-RegIta.ttf]
[bison.studio/wp-content/themes/greatlab-3/dist/public/fonts/HelveticaNowDisplay-MedIta.eot]
[bison.studio/wp-content/themes/greatlab-3/dist/public/fonts/HelveticaNowDisplay-MedItad41d.eot]
[bison.studio/wp-content/themes/greatlab-3/dist/public/fonts/HelveticaNowDisplay-MedIta.woff2]
[bison.studio/wp-content/themes/greatlab-3/dist/public/fonts/HelveticaNowDisplay-MedIta.woff]
[bison.studio/wp-content/themes/greatlab-3/dist/public/fonts/HelveticaNowDisplay-MedIta.ttf]
[bison.studio/wp-content/themes/greatlab-3/dist/public/fonts/HelveticaNowDisplay-Bold.eot]
[bison.studio/wp-content/themes/greatlab-3/dist/public/fonts/HelveticaNowDisplay-Boldd41d.eot]
[bison.studio/wp-content/themes/greatlab-3/dist/public/fonts/HelveticaNowDisplay-Bold.woff2]
[bison.studio/wp-content/themes/greatlab-3/dist/public/fonts/HelveticaNowDisplay-Bold.woff]
[bison.studio/wp-content/themes/greatlab-3/dist/public/fonts/HelveticaNowDisplay-Bold.ttf]
[bison.studio/wp-content/themes/greatlab-3/dist/public/fonts/HelveticaNowDisplay-Regular.eot]
[bison.studio/wp-content/themes/greatlab-3/dist/public/fonts/HelveticaNowDisplay-Regulard41d.eot]
[bison.studio/wp-content/themes/greatlab-3/dist/public/fonts/HelveticaNowDisplay-Regular.woff2]
[bison.studio/wp-content/themes/greatlab-3/dist/public/fonts/HelveticaNowDisplay-Regular.woff]
[bison.studio/wp-content/themes/greatlab-3/dist/public/fonts/HelveticaNowDisplay-Regular.ttf]
[bison.studio/wp-content/themes/greatlab-3/dist/public/fonts/HelveticaNowDisplay-Medium.eot]
[bison.studio/wp-content/themes/greatlab-3/dist/public/fonts/HelveticaNowDisplay-Mediumd41d.eot]
[bison.studio/wp-content/themes/greatlab-3/dist/public/fonts/HelveticaNowDisplay-Medium.woff2]
[bison.studio/wp-content/themes/greatlab-3/dist/public/fonts/HelveticaNowDisplay-Medium.woff]
[bison.studio/wp-content/themes/greatlab-3/dist/public/fonts/HelveticaNowDisplay-Medium.ttf]
[bison.studio/wp-content/themes/greatlab-3/dist/public/fonts/HelveticaNowDisplay-Light.eot]
[bison.studio/wp-content/themes/greatlab-3/dist/public/fonts/HelveticaNowDisplay-Lightd41d.eot]
[bison.studio/wp-content/themes/greatlab-3/dist/public/fonts/HelveticaNowDisplay-Light.woff2]
[bison.studio/wp-content/themes/greatlab-3/dist/public/fonts/HelveticaNowDisplay-Light.woff]
[bison.studio/wp-content/themes/greatlab-3/dist/public/fonts/HelveticaNowDisplay-Light.ttf]
[bison.studio/wp-content/themes/greatlab-3/dist/public/fonts/HelveticaNowDisplay-LightIta.eot]
[bison.studio/wp-content/themes/greatlab-3/dist/public/fonts/HelveticaNowDisplay-LightItad41d.eot]
[bison.studio/wp-content/themes/greatlab-3/dist/public/fonts/HelveticaNowDisplay-LightIta.woff2]
[bison.studio/wp-content/themes/greatlab-3/dist/public/fonts/HelveticaNowDisplay-LightIta.woff]
[bison.studio/wp-content/themes/greatlab-3/dist/public/fonts/HelveticaNowDisplay-LightIta.ttf]
[bison.studio/wp-content/themes/greatlab-3/dist/public/fonts/August-Bold.eot]
[bison.studio/wp-content/themes/greatlab-3/dist/public/fonts/August-Boldd41d.eot]
[bison.studio/wp-content/themes/greatlab-3/dist/public/fonts/August-Bold.woff2]
[bison.studio/wp-content/themes/greatlab-3/dist/public/fonts/August-Bold.woff]
[bison.studio/wp-content/themes/greatlab-3/dist/public/icons/system/custom-checkbox-onio-white.svg]
[bison.studio/wp-content/themes/greatlab-3/dist/public/icons/system/custom-checkbox-onio.svg]
[bison.studio/wp-content/themes/greatlab-3/dist/public/icons/system/custom-radio.svg]
[bison.studio/wp-content/themes/greatlab-3/dist/public/icons/system/noise.png]
[bison.studio/wp-content/themes/greatlab-3/dist/frontend.minffa4.css]
[bison.studio/wp-content/themes/greatlab-3/dist/public/icons/bison-logo.svg]
[bison.studio/wp-json/wp/v2/pages/8.json]
[bison.studio/wp-json/oembed/1.0/embed4a87.json]
[bison.studio/wp-json/oembed/1.0/embedc916]
[bison.studio/wp-content/uploads/2021/11/studio-shot-50x23.jpg]
[bison.studio/wp-content/uploads/2021/08/about-us-center-min-50x68.jpg]
[bison.studio/wp-content/uploads/2021/11/thumb-mark-50x32.jpg]
[bison.studio/services/ecommerce/index.html]
[bison.studio/wp-content/uploads/2021/08/about-us-bottom-left-min-50x63.jpg]
[bison.studio/wp-content/uploads/2021/11/bison-2-50x48.jpg]
[bison.studio/wp-content/uploads/2021/08/about-us-bottom-right-min-50x37.jpg]
[bison.studio/wp-content/uploads/2021/11/sam-50x67.jpg]
[bison.studio/wp-content/uploads/2021/11/mike-12-50x67.jpg]
[bison.studio/services/websites/index.html]
[bison.studio/wp-content/uploads/2021/11/mark-12-50x67.jpg]
[bison.studio/wp-content/uploads/2021/11/money-12-50x67.jpg]
[bison.studio/wp-content/uploads/2021/11/seb-12-50x67.jpg]
[bison.studio/about/index.html]
[bison.studio/services/digital-products/index.html]
[bison.studio/wp-json/wp/v2/pages/6.json]
[bison.studio/services/digital-marketing/index.html]
[bison.studio/wp-json/oembed/1.0/embedae78.json]
[bison.studio/wp-json/oembed/1.0/embed8300]
[bison.studio/wp-content/uploads/2021/10/mercury-product-50x58.jpg]
[bison.studio/wp-content/uploads/2021/10/bukkun-50x59.jpg]
[bison.studio/work/mercury-towers-interactive-sales-room/index.html]
[bison.studio/wp-content/uploads/2022/03/vivi1-50x50.jpg]
[bison.studio/work/bukkun/index.html]
[bison.studio/work/vivi/index.html]
[bison.studio/wp-content/uploads/2021/10/417de39c50267d15716f2f4080ac0dba-50x59.jpg]
[bison.studio/services/index.html]
[bison.studio/work/ion-the-harbour/index.html]
[bison.studio/blogs/index.html]
[bison.studio/wp-json/wp/v2/categories/1.json]
[bison.studio/blogs/feed/index.html]
[bison.studio/wp-json/wp/v2/pages/10.json]
[bison.studio/wp-json/oembed/1.0/embed0d28.json]
[bison.studio/wp-json/oembed/1.0/embed8056]
[bison.studio/wp-content/uploads/2021/08/Rectangle-68-min-50x34.jpg]
[bison.studio/contact/index.html]
[bison.studio/wp-content/themes/greatlab-3/dist/public/icons/button-play.svg]
[bison.studio/wp-content/themes/greatlab-3/dist/public/icons/button-pause.svg]
[bison.studio/wp-content/themes/greatlab-3/dist/public/icons/icon-sound.svg]
[bison.studio/wp-content/themes/greatlab-3/dist/public/icons/icon-muted.svg]
[bison.studio/wp-content/themes/greatlab-3/dist/public/icons/icon-arrow-link.svg]
[bison.studio/wp-json/oembed/1.0/embed3ab0.json]
[bison.studio/wp-json/oembed/1.0/embedbff7]
[bison.studio/wp-content/uploads/2021/10/MercuryTowers_Header-scaled@2x-50x23.jpg]
[bison.studio/wp-content/uploads/2021/10/mt-mainUntitled-1-50x21.jpg]
[bison.studio/wp-content/uploads/2021/10/styleUntitled-2-50x42.jpg]
[bison.studio/wp-content/uploads/2021/10/homeUntitled-3-50x45.jpg]
[bison.studio/wp-content/uploads/2021/10/sales-room-50x30.jpg]
[bison.studio/wp-content/uploads/2021/10/mt-cover-p-50x20.jpg]
[bison.studio/wp-content/uploads/2021/11/Prosper_hero-50x20.jpg]
[bison.studio/work/mercury-towers-sales-website/index.html]
[bison.studio/wp-json/oembed/1.0/embedcb7a.json]
[bison.studio/wp-json/oembed/1.0/embed311a]
[bison.studio/wp-content/uploads/2021/11/flowers-2-50x23.jpg]
[bison.studio/wp-content/uploads/2021/11/floreal-mockup-3-50x23.jpg]
[bison.studio/wp-content/uploads/2021/10/4-50x30.jpg]
[bison.studio/wp-content/uploads/2021/10/homeUntitled-3-1-50x45.jpg]
[bison.studio/wp-content/uploads/2021/10/product-2-6-50x30.jpg]
[bison.studio/wp-content/uploads/2021/10/product-1-6-50x30.jpg]
[bison.studio/wp-content/uploads/2021/10/cart-6-50x30.jpg]
[bison.studio/wp-content/uploads/2021/10/floreal-mobile9-50x25.jpg]
[bison.studio/wp-content/uploads/2021/11/Boost_hero1-50x20.jpg]
[bison.studio/work/floreal-ecommerce/index.html]
[bison.studio/wp-json/oembed/1.0/embedfbb8.json]
[bison.studio/wp-json/oembed/1.0/embedc7c8]
[bison.studio/wp-content/uploads/2021/11/boost-mockup-3-50x23.jpg]
[bison.studio/wp-content/uploads/2021/10/full-boost-2-50x42.jpg]
[bison.studio/wp-content/uploads/2021/10/home-3-50x45.jpg]
[bison.studio/wp-content/uploads/2021/10/products-3-50x45.jpg]
[bison.studio/wp-content/uploads/2021/10/productidv-6-50x30.jpg]
[bison.studio/wp-content/uploads/2021/10/quiz-6-50x30.jpg]
[bison.studio/wp-content/uploads/2021/10/quiz-results-6-50x30.jpg]
[bison.studio/wp-content/uploads/2021/11/boostmobile-3-50x23.jpg]
[bison.studio/wp-content/uploads/2021/10/Rectangle-29-50x20.jpg]
[bison.studio/work/boost/index.html]
[bison.studio/wp-json/oembed/1.0/embed397e.json]
[bison.studio/wp-json/oembed/1.0/embed7feb]
[bison.studio/wp-content/uploads/2021/10/prosperUntitled-1-50x21.jpg]
[bison.studio/wp-content/uploads/2021/10/propser-2Untitled-2-50x42.jpg]
[bison.studio/wp-content/uploads/2021/10/services-50x45.jpg]
[bison.studio/wp-content/uploads/2021/10/service2-50x45.jpg]
[bison.studio/wp-content/uploads/2021/10/world-4-50x30.jpg]
[bison.studio/wp-content/uploads/2021/10/countries-50x30.jpg]
[bison.studio/wp-content/uploads/2021/10/newsUntitled-4-50x30.jpg]
[bison.studio/wp-content/uploads/2021/11/marina-50x59.jpg]
[bison.studio/wp-content/uploads/2021/11/Marina_hero1-50x20.jpg]
[bison.studio/work/prosper-africa/index.html]
[bison.studio/work/marina-di-valletta-2/index.html]
[bison.studio/blogs/introducing-the-new-bison-studio-website/feed/index.html]
[bison.studio/wp-json/wp/v2/posts/66.json]
[bison.studio/wp-json/oembed/1.0/embed5879.json]
[bison.studio/wp-json/oembed/1.0/embed9730]
[bison.studio/wp-content/themes/greatlab-3/dist/public/icons/icon-arrow-back.svg]
[bison.studio/wp-content/uploads/2021/11/office-50x23.jpg]
[bison.studio/blogs/marketing/index.html]
[bison.studio/wp-content/themes/greatlab-3/dist/public/icons/icon-logo-fb.svg]
[bison.studio/wp-content/themes/greatlab-3/dist/public/icons/icon-logo-tw.svg]
[bison.studio/blogs/introducing-the-new-bison-studio-website/index.html]
[bison.studio/wp-content/themes/greatlab-3/dist/public/icons/icon-logo-mail.svg]
[bison.studio/blogs/expanding-our-services-digital-marketing/feed/index.html]
[bison.studio/wp-json/wp/v2/posts/64.json]
[bison.studio/wp-json/oembed/1.0/embed72a0.json]
[bison.studio/wp-json/oembed/1.0/embed63c8]
[bison.studio/wp-content/uploads/2021/09/gaba-marketing@2x-50x59.jpg]
[bison.studio/wp-content/uploads/2021/09/MercurySales_Thumb_1-50x59.jpg]
[bison.studio/wp-content/uploads/2021/09/flrealthumb-50x59.jpg]
[bison.studio/blogs/expanding-our-services-digital-marketing/index.html]
[bison.studio/work/gaba-digital-marketing/index.html]
[bison.studio/work/floreal-launch-campaign/index.html]
[bison.studio/work/mercury-towers-sales-campaign/index.html]
[bison.studio/wp-json/wp/v2/posts/62.json]
[bison.studio/blogs/mercury-towers-by-zaha-hadid-wins-international-awards/feed/index.html]
[bison.studio/wp-json/oembed/1.0/embed004b.json]
[bison.studio/wp-json/oembed/1.0/embedebaa]
[bison.studio/wp-content/uploads/2021/07/awards-50x26.jpg]
[bison.studio/blogs/mercury-towers-by-zaha-hadid-wins-international-awards/index.html]
[bison.studio/cdn-cgi/l/email-protection.html]
[bison.studio/wp-content/themes/greatlab-3/dist/public/icons/icon-arrow-page.svg]
[bison.studio/wp-content/themes/greatlab-3/dist/public/icons/icon-oval-upsite.svg]
[bison.studio/wp-content/themes/greatlab-3/dist/public/icons/icon-screen-enlarge.svg]
[bison.studio/wp-content/themes/greatlab-3/dist/public/icons/icon-expand-close.svg]
[bison.studio/wp-content/themes/greatlab-3/dist/public/icons/system/custom-checkbox-onio-white.svg]
[bison.studio/wp-content/themes/greatlab-3/dist/public/icons/system/custom-checkbox-onio.svg]
[bison.studio/wp-content/themes/greatlab-3/dist/public/icons/system/custom-radio.svg]
[bison.studio/index2df4.html]
[bison.studio/wp-json/wp/v2/pages/178.json]
[bison.studio/wp-json/oembed/1.0/embede323.json]
[bison.studio/services/ecommerce/index.html]
[bison.studio/wp-json/oembed/1.0/embed6017]
[bison.studio/wp-json/wp/v2/pages/307.json]
[bison.studio/wp-json/oembed/1.0/embed8f51.json]
[bison.studio/wp-json/oembed/1.0/embed0f9b]
[bison.studio/wp-content/uploads/2021/11/streaamg-thumb-50x59.jpg]
[bison.studio/wp-content/uploads/2021/11/Studioseven_Thumb-50x59.jpg]
[bison.studio/wp-content/uploads/2021/11/AB_Thumb-50x59.jpg]
[bison.studio/wp-content/uploads/2021/07/district-thumb@2x-50x59.jpg]
[bison.studio/services/websites/index.html]
[bison.studio/work/streamamg/index.html]
[bison.studio/work/studioseven/index.html]
[bison.studio/work/district/index.html]
[bison.studio/wp-json/wp/v2/pages/305.json]
[bison.studio/work/ab-finance/index.html]
[bison.studio/wp-json/oembed/1.0/embed2823.json]
[bison.studio/services/digital-products/index.html]
[bison.studio/wp-json/oembed/1.0/embed2d3e]
[bison.studio/wp-json/wp/v2/pages/180.json]
[bison.studio/wp-json/oembed/1.0/embed2d0d.json]
[bison.studio/services/digital-marketing/index.html]
[bison.studio/index42dc.html]
[bison.studio/wp-json/oembed/1.0/embedbea4]
[bison.studio/wp-json/oembed/1.0/embeddeb1.json]
[bison.studio/wp-json/oembed/1.0/embed85cb]
[bison.studio/wp-content/uploads/2021/10/MercuryTowers_Header-scaled-1-50x14.jpg]
[bison.studio/wp-content/uploads/2021/10/imerssive@2x-50x33.jpg]
[bison.studio/wp-content/uploads/2021/10/mobile@2x-50x21.png]
[bison.studio/wp-content/uploads/2021/10/Mercury-Towers-DESIGN-3-50x31.jpg]
[bison.studio/work/mercury-towers-interactive-sales-room/index.html]
[bison.studio/wp-json/oembed/1.0/embede073.json]
[bison.studio/wp-json/oembed/1.0/embed7188]
[bison.studio/wp-content/uploads/2021/10/bukkonhero-1-50x21.jpg]
[bison.studio/wp-content/uploads/2021/10/Home-50x45.jpg]
[bison.studio/wp-content/uploads/2021/10/subscribe-6-50x30.jpg]
[bison.studio/wp-content/uploads/2021/10/topupcard-4-50x30.jpg]
[bison.studio/wp-content/uploads/2021/10/topup-6-50x30.jpg]
[bison.studio/wp-content/uploads/2021/10/pos-6-50x30.jpg]
[bison.studio/wp-content/uploads/2021/10/pos2-6-50x30.jpg]
[bison.studio/work/bukkun/index.html]
[bison.studio/wp-json/oembed/1.0/embed9a6e.json]
[bison.studio/wp-json/oembed/1.0/embeddbf2]
[bison.studio/wp-content/uploads/2022/03/vivi2-1-50x31.png]
[bison.studio/wp-content/uploads/2021/10/asset-1@2x-50x23.jpg]
[bison.studio/work/vivi/index.html]
[bison.studio/wp-json/oembed/1.0/embedb1fb.json]
[bison.studio/wp-json/oembed/1.0/embeda8d3]
[bison.studio/wp-content/uploads/2021/10/ION1-50x33.jpg]
[bison.studio/wp-content/uploads/2021/10/ion-7-50x72.jpg]
[bison.studio/wp-content/uploads/2021/10/ion-6-50x72.jpg]
[bison.studio/wp-content/uploads/2021/10/ion-5-50x72.jpg]
[bison.studio/wp-content/uploads/2021/10/ino-4-50x72.jpg]
[bison.studio/wp-content/uploads/2021/10/ioon-3-50x72.jpg]
[bison.studio/wp-content/uploads/2021/10/ion-1-50x72.jpg]
[bison.studio/wp-content/uploads/2021/09/gaba-hero-50x23.jpg]
[bison.studio/work/ion-the-harbour/index.html]
[bison.studio/index64b4.html]
[bison.studio/index6595.html]
[bison.studio/indexf705.html]
[bison.studio/index2847.html]
[bison.studio/index4c66.html]
[bison.studio/wp-json/oembed/1.0/embedf914.json]
[bison.studio/wp-json/oembed/1.0/embed6837]
[bison.studio/wp-content/uploads/2021/11/Marina_new-1-50x77.jpg]
[bison.studio/wp-content/uploads/2021/11/Screen-Shot-2018-06-15-at-16.22.52-50x26.png]
[bison.studio/wp-content/uploads/2021/11/mdv-50x39.jpg]
[bison.studio/wp-content/uploads/2021/11/Stream_hero-50x20.jpg]
[bison.studio/work/marina-di-valletta-2/index.html]
[bison.studio/index4f61.html]
[bison.studio/wp-content/themes/greatlab-3/dist/public/icons/icon-arrow-back.svg]
[bison.studio/blogs/marketing/index.html]
[bison.studio/wp-content/themes/greatlab-3/dist/public/icons/icon-logo-fb.svg]
[bison.studio/wp-content/themes/greatlab-3/dist/public/icons/icon-logo-tw.svg]
[bison.studio/wp-content/themes/greatlab-3/dist/public/icons/icon-logo-mail.svg]
[bison.studio/index8cd4.html]
[bison.studio/wp-json/wp/v2/categories/8.json]
[bison.studio/blogs/marketing/feed/index.html]
[bison.studio/wp-json/oembed/1.0/embed3884.json]
[bison.studio/wp-json/oembed/1.0/embed82b1]
[bison.studio/wp-content/uploads/2021/09/Gaba-Engagement-Rings-Campaign-Photo-50x33.jpg]
[bison.studio/wp-content/uploads/2021/09/gaba-5-50x72.jpg]
[bison.studio/wp-content/uploads/2021/09/gaba-4-50x72.jpg]
[bison.studio/wp-content/uploads/2021/09/gaba-2-50x72.jpg]
[bison.studio/wp-content/uploads/2021/09/gaba-1-50x72.jpg]
[bison.studio/wp-content/uploads/2021/09/MT-50x35.jpg]
[bison.studio/work/gaba-digital-marketing/index.html]
[bison.studio/wp-json/oembed/1.0/embed8ef1.json]
[bison.studio/wp-json/oembed/1.0/embed4d28]
[bison.studio/wp-content/uploads/2021/09/MT2-50x25.jpg]
[bison.studio/wp-content/uploads/2021/09/mt-2-50x72.jpg]
[bison.studio/wp-content/uploads/2021/09/mt5-50x72.jpg]
[bison.studio/wp-content/uploads/2021/09/mt4jpg-50x72.jpg]
[bison.studio/wp-content/uploads/2021/09/mt-3-50x72.jpg]
[bison.studio/wp-content/uploads/2021/09/mt-1-50x72.jpg]
[bison.studio/work/mercury-towers-sales-campaign/index.html]
[bison.studio/wp-json/oembed/1.0/embed7df8.json]
[bison.studio/wp-json/oembed/1.0/embed8ab1]
[bison.studio/wp-content/uploads/2021/09/lucija-ros-30uGGkOFj18-unsplash-50x33.jpg]
[bison.studio/wp-content/uploads/2021/09/Floreal_1-50x24.jpg]
[bison.studio/wp-content/uploads/2021/09/fl-6-50x72.jpg]
[bison.studio/wp-content/uploads/2021/09/fl6-50x72.jpg]
[bison.studio/wp-content/uploads/2021/09/fl4-50x72.jpg]
[bison.studio/wp-content/uploads/2021/09/fl-2-50x72.jpg]
[bison.studio/wp-content/uploads/2021/09/fl-1-50x72.jpg]
[bison.studio/work/floreal-launch-campaign/index.html]
[bison.studio/index5c36.html]
[bison.studio/indexb50d.html]
[bison.studio/index2915.html]
[bison.studio/wp-json/oembed/1.0/embed4072.json]
[bison.studio/wp-json/oembed/1.0/embed87fd]
[bison.studio/wp-content/uploads/2021/11/0d7283097a335d5bee3c472b9bcc5787-50x29.png]
[bison.studio/wp-content/uploads/2021/11/ec2289ba69a6ddca8b323bf1f9be92aa-50x28.png]
[bison.studio/wp-content/uploads/2021/11/1ace26533376b6578715d311673cdc32-50x28.png]
[bison.studio/wp-content/uploads/2021/11/c10a0ec4b10f8ed9fd131d23f79576eb-50x28.png]
[bison.studio/wp-content/uploads/2021/11/mobile-1-50x38.png]
[bison.studio/wp-content/uploads/2021/11/mobile-2-50x37.png]
[bison.studio/wp-content/uploads/2021/11/556c68c8bfff4c47146917ead7b0a771-50x28.png]
[bison.studio/wp-content/uploads/2021/11/b826d37b6b53c206c57f61ef304d7465-50x28.png]
[bison.studio/wp-content/uploads/2021/11/cacdcc66024bd355e33c26e7d93ccc24-1-50x28.png]
[bison.studio/wp-content/uploads/2021/11/188ac793e86bfcb6abe7b80b25765a4a-50x38.png]
[bison.studio/wp-content/uploads/2021/11/6ccd7b657acc672a6042bc2f5ed63820-50x136.png]
[bison.studio/wp-content/uploads/2021/07/ss-hero-50x19.jpg]
[bison.studio/work/streamamg/index.html]
[bison.studio/wp-json/oembed/1.0/embedb127.json]
[bison.studio/wp-json/oembed/1.0/embedbc37]
[bison.studio/wp-content/uploads/2021/11/4862b7080065a91484c0064f685ef1d0-50x28.png]
[bison.studio/wp-content/uploads/2021/11/aea5af4e3a3323d8c4ec857593cfa23f-50x28.png]
[bison.studio/wp-content/uploads/2021/11/7e79a3faa819607bcec9d8e9b200e793-50x28.png]
[bison.studio/wp-content/uploads/2021/11/a80a5794eafaa9a95d1fbcc105bbfb5c-50x28.png]
[bison.studio/wp-content/uploads/2021/11/57cc980aeacba955f305b0674b885072-50x28.png]
[bison.studio/wp-content/uploads/2021/11/0f10745b318268595bed6f0f39d372fe-50x93.png]
[bison.studio/wp-content/uploads/2021/11/db187a338fcf4a3eadacb775329aa3bc-50x28.png]
[bison.studio/wp-content/uploads/2021/11/011-50x37.png]
[bison.studio/wp-content/uploads/2021/07/ab-cover-50x22.jpg]
[bison.studio/work/studioseven/index.html]
[bison.studio/wp-json/oembed/1.0/embedcbaf.json]
[bison.studio/wp-json/oembed/1.0/embed049c]
[bison.studio/wp-content/uploads/2021/07/2e8c046b1115e267636639c41e171c5d-50x163.png]
[bison.studio/wp-content/uploads/2021/11/b070967cf54ed6f69cff56374ebf1809-50x59.png]
[bison.studio/wp-content/uploads/2021/11/dca7ad0ad1b8c5da6b8be050989620d8-1-50x77.png]
[bison.studio/wp-content/uploads/2021/07/mobile-50x33.png]
[bison.studio/wp-content/uploads/2021/11/mobile-21-1-50x38.png]
[bison.studio/wp-content/uploads/2021/07/0f5dab0c4811ee548a16c53d6be59ea8-50x28.png]
[bison.studio/wp-content/uploads/2021/07/district-cover@2x-50x23.jpg]
[bison.studio/work/ab-finance/index.html]
[bison.studio/wp-json/oembed/1.0/embed7249.json]
[bison.studio/wp-json/oembed/1.0/embed59b6]
[bison.studio/wp-content/uploads/2021/07/homeUntitled-1-50x21.jpg]
[bison.studio/wp-content/uploads/2021/07/animattionsUntitled-5-50x30.jpg]
[bison.studio/wp-content/uploads/2021/07/homeed-3-50x45.jpg]
[bison.studio/wp-content/uploads/2021/07/records-3-50x45.jpg]
[bison.studio/wp-content/uploads/2021/07/aboutUntitled-4-50x30.jpg]
[bison.studio/work/district/index.html]
[bison.studio/index4720.html]
[bison.studio/index2586.html]
[bison.studio/index0745.html]
[bison.studio/index4976.html]
[bison.studio/index2487.html]
[bison.studio/index0ed6.html]
[bison.studio/indexb022.html]
[bison.studio/index0dc6.html]
[bison.studio/index18ee.html]
[bison.studio/index0974.html]
[bison.studio/index30e4.html]
[bison.studio/index424e.html]
[bison.studio/index3e9a.html]
[bison.studio/indexb4d2.html]
